=== RUN   TestDeadLetterQueue_Middleware
--- PASS: TestDeadLetterQueue_Middleware (0.00s)
=== RUN   TestDeadLetterQueue_Middleware_NoError
--- PASS: TestDeadLetterQueue_Middleware_NoError (0.00s)
=== RUN   TestDeadLetterQueue_OnDLQPublishFailed
--- PASS: TestDeadLetterQueue_OnDLQPublishFailed (0.00s)
=== RUN   TestDeadLetterQueue_OnDLQPublishFailed_DefaultBehavior
--- PASS: TestDeadLetterQueue_OnDLQPublishFailed_DefaultBehavior (0.00s)
=== RUN   TestRetryWithDLQ_Middleware
--- PASS: TestRetryWithDLQ_Middleware (0.00s)
=== RUN   TestRateLimitMiddleware_AllowsWithinLimit
--- PASS: TestRateLimitMiddleware_AllowsWithinLimit (0.00s)
=== RUN   TestRateLimitMiddleware_BlocksExceedingLimit
--- PASS: TestRateLimitMiddleware_BlocksExceedingLimit (1.00s)
=== RUN   TestConsumerGroupRateLimiter_LogicNotInverted
--- PASS: TestConsumerGroupRateLimiter_LogicNotInverted (1.00s)
=== RUN   TestHeaderPropagation_Middleware
--- PASS: TestHeaderPropagation_Middleware (0.00s)
=== RUN   TestHeaderPropagation_OverrideExisting
--- PASS: TestHeaderPropagation_OverrideExisting (0.00s)
=== RUN   TestPropagateAllHeaders_Middleware
--- PASS: TestPropagateAllHeaders_Middleware (0.00s)
=== RUN   TestRateLimitMiddleware_SlidingWindow_NoDoubleBurst
--- PASS: TestRateLimitMiddleware_SlidingWindow_NoDoubleBurst (0.00s)
=== RUN   TestRateLimitMiddleware_SlidingWindowConfig
--- PASS: TestRateLimitMiddleware_SlidingWindowConfig (0.20s)
=== RUN   TestDeadLetterQueue_LocalFileOnDLQPublishFailed
--- PASS: TestDeadLetterQueue_LocalFileOnDLQPublishFailed (0.02s)
=== RUN   TestDeadLetterQueue_LocalFileOnDLQPublishFailed_EmptyDir
--- PASS: TestDeadLetterQueue_LocalFileOnDLQPublishFailed_EmptyDir (0.00s)
=== RUN   TestDeadLetterQueue_NewWithLocalFallback
--- PASS: TestDeadLetterQueue_NewWithLocalFallback (0.00s)
PASS
ok  	github.com/ThreeDotsLabs/watermill/message/router/middleware	3.432s
